[www.cubictheme.ga/cubic-html/form-layout.html]
[www.cubictheme.ga/plugins/images/favicon.png]
[backblue.gif]
[fade.gif]
[index.html]
[www.cubictheme.ga/cubic-html/index.html]
[www.cubictheme.ga/plugins/images/logo.png]
[www.cubictheme.ga/plugins/images/logo-text.png]
[www.cubictheme.ga/plugins/images/users/1.jpg]
[www.cubictheme.ga/plugins/images/users/2.jpg]
[www.cubictheme.ga/plugins/images/users/3.jpg]
[www.cubictheme.ga/plugins/images/users/4.jpg]
[www.cubictheme.ga/plugins/images/users/hanna.jpg]
[www.cubictheme.ga/cubic-html/index2.html]
[www.cubictheme.ga/cubic-html/index3.html]
[www.cubictheme.ga/cubic-html/index4.html]
[www.cubictheme.ga/cubic-html/products.html]
[www.cubictheme.ga/cubic-html/product-detail.html]
[www.cubictheme.ga/cubic-html/product-edit.html]
[www.cubictheme.ga/cubic-html/product-orders.html]
[www.cubictheme.ga/cubic-html/product-cart.html]
[www.cubictheme.ga/cubic-html/product-checkout.html]
[www.cubictheme.ga/cubic-html/inbox.html]
[www.cubictheme.ga/cubic-html/inbox-detail.html]
[www.cubictheme.ga/cubic-html/compose.html]
[www.cubictheme.ga/cubic-html/contact.html]
[www.cubictheme.ga/cubic-html/contact-detail.html]
[www.cubictheme.ga/cubic-html/panels-wells.html]
[www.cubictheme.ga/cubic-html/panel-ui-block.html]
[www.cubictheme.ga/cubic-html/portlet-draggable.html]
[www.cubictheme.ga/cubic-html/buttons.html]
[www.cubictheme.ga/cubic-html/tabs.html]
[www.cubictheme.ga/cubic-html/modals.html]
[www.cubictheme.ga/cubic-html/progressbars.html]
[www.cubictheme.ga/cubic-html/notification.html]
[www.cubictheme.ga/cubic-html/carousel.html]
[www.cubictheme.ga/cubic-html/user-cards.html]
[www.cubictheme.ga/cubic-html/timeline.html]
[www.cubictheme.ga/cubic-html/timeline-horizontal.html]
[www.cubictheme.ga/cubic-html/range-slider.html]
[www.cubictheme.ga/cubic-html/ribbons.html]
[www.cubictheme.ga/cubic-html/steps.html]
[www.cubictheme.ga/cubic-html/session-idle-timeout.html]
[www.cubictheme.ga/cubic-html/session-timeout.html]
[www.cubictheme.ga/cubic-html/bootstrap.html]
[www.cubictheme.ga/cubic-html/form-basic.html]
[www.cubictheme.ga/cubic-html/icheck-control.html]
[www.cubictheme.ga/cubic-html/form-advanced.html]
[www.cubictheme.ga/cubic-html/form-upload.html]
[www.cubictheme.ga/cubic-html/form-dropzone.html]
[www.cubictheme.ga/cubic-html/form-pickers.html]
[www.cubictheme.ga/cubic-html/basic-table.html]
[www.cubictheme.ga/cubic-html/table-layouts.html]
[www.cubictheme.ga/cubic-html/data-table.html]
[www.cubictheme.ga/cubic-html/bootstrap-tables.html]
[www.cubictheme.ga/cubic-html/responsive-tables.html]
[www.cubictheme.ga/cubic-html/editable-tables.html]
[www.cubictheme.ga/cubic-html/morris-chart.html]
[www.cubictheme.ga/cubic-html/peity-chart.html]
[www.cubictheme.ga/cubic-html/knob-chart.html]
[www.cubictheme.ga/cubic-html/sparkline-chart.html]
[www.cubictheme.ga/cubic-html/widgets.html]
[www.cubictheme.ga/cubic-html/simple-line.html]
[www.cubictheme.ga/cubic-html/fontawesome.html]
[www.cubictheme.ga/cubic-html/map-google.html]
[www.cubictheme.ga/cubic-html/map-vector.html]
[www.cubictheme.ga/cubic-html/400.html]
[www.cubictheme.ga/cubic-html/403.html]
[www.cubictheme.ga/cubic-html/404.html]
[www.cubictheme.ga/cubic-html/500.html]
[www.cubictheme.ga/cubic-html/503.html]
[www.cubictheme.ga/cubic-html/starter-page.html]
[www.cubictheme.ga/cubic-html/blank.html]
[www.cubictheme.ga/cubic-html/search-result.html]
[www.cubictheme.ga/cubic-html/custom-scroll.html]
[www.cubictheme.ga/cubic-html/login.html]
[www.cubictheme.ga/cubic-html/lock-screen.html]
[www.cubictheme.ga/cubic-html/recoverpw.html]
[www.cubictheme.ga/cubic-html/animation.html]
[www.cubictheme.ga/cubic-html/profile.html]
[www.cubictheme.ga/cubic-html/invoice.html]
[www.cubictheme.ga/cubic-html/gallery.html]
[www.cubictheme.ga/cubic-html/pricing.html]
[www.cubictheme.ga/cubic-html/register.html]
[www.cubictheme.ga/cubic-html/calendar.html]
[www.cubictheme.ga/plugins/images/users/5.jpg]
[www.cubictheme.ga/plugins/images/users/6.jpg]
[www.cubictheme.ga/plugins/components/jquery/dist/jquery.min.js]
[www.cubictheme.ga/cubic-html/bootstrap/dist/js/bootstrap.min.js]
[www.cubictheme.ga/cubic-html/js/sidebarmenu.js]
[www.cubictheme.ga/cubic-html/js/jquery.slimscroll.js]
[www.cubictheme.ga/cubic-html/js/waves.js]
[www.cubictheme.ga/cubic-html/js/custom.js]
[www.cubictheme.ga/cubic-html/js/jasny-bootstrap.js]
[www.cubictheme.ga/plugins/components/styleswitcher/jQuery.style.switcher.js]
[www.cubictheme.ga/cubic-html/form-layout.html]
[www.cubictheme.ga/cubic-html/bootstrap/dist/fonts/glyphicons-halflings-regular.eot]
[www.cubictheme.ga/cubic-html/bootstrap/dist/fonts/glyphicons-halflings-regulard41d.eot]
[www.cubictheme.ga/cubic-html/bootstrap/dist/fonts/glyphicons-halflings-regular.woff2]
[www.cubictheme.ga/cubic-html/bootstrap/dist/fonts/glyphicons-halflings-regular.woff]
[www.cubictheme.ga/cubic-html/bootstrap/dist/fonts/glyphicons-halflings-regular.ttf]
[www.cubictheme.ga/cubic-html/bootstrap/dist/css/bootstrap.min.css]
[www.cubictheme.ga/cubic-html/css/animate.css]
[www.cubictheme.ga/cubic-html/less/icons/font-awesome/fonts/fontawesome-webfont3295.eot]
[www.cubictheme.ga/cubic-html/less/icons/font-awesome/fonts/fontawesome-webfontd41d.eot]
[www.cubictheme.ga/cubic-html/less/icons/font-awesome/fonts/fontawesome-webfont3295.woff2]
[www.cubictheme.ga/cubic-html/less/icons/font-awesome/fonts/fontawesome-webfont3295.woff]
[www.cubictheme.ga/cubic-html/less/icons/font-awesome/fonts/fontawesome-webfont3295.ttf]
[www.cubictheme.ga/cubic-html/css/style.css]
[www.cubictheme.ga/cubic-html/css/colors/default.css]
[www.cubictheme.ga/plugins/images/users/1.png]
[www.cubictheme.ga/plugins/images/users/2.png]
[www.cubictheme.ga/plugins/images/users/3.png]
[www.cubictheme.ga/plugins/images/task.jpg]
[www.cubictheme.ga/plugins/components/chartist-js/dist/chartist.min.js]
[www.cubictheme.ga/plugins/components/chartist-plugin-tooltip-master/dist/chartist-plugin-tooltip.min.js]
[www.cubictheme.ga/plugins/components/sparkline/jquery.sparkline.min.js]
[www.cubictheme.ga/plugins/components/sparkline/jquery.charts-sparkline.js]
[www.cubictheme.ga/plugins/components/knob/jquery.knob.js]
[www.cubictheme.ga/plugins/components/easypiechart/dist/jquery.easypiechart.min.js]
[www.cubictheme.ga/cubic-html/js/db1.js]
[www.cubictheme.ga/cubic-html/index.html]
[www.cubictheme.ga/plugins/images/users/jeffery.jpg]
[www.cubictheme.ga/plugins/components/moment/moment.js]
[www.cubictheme.ga/plugins/components/fullcalendar/fullcalendar.js]
[www.cubictheme.ga/cubic-html/js/db2.js]
[www.cubictheme.ga/cubic-html/index2.html]
[www.cubictheme.ga/plugins/images/a1.jpg]
[www.cubictheme.ga/plugins/images/a2.jpg]
[www.cubictheme.ga/plugins/images/a3.jpg]
[www.cubictheme.ga/plugins/images/q.png]
[www.cubictheme.ga/plugins/images/cloud.jpg]
[www.cubictheme.ga/plugins/components/custom-chart/chart.js]
[www.cubictheme.ga/cubic-html/js/db3.js]
[www.cubictheme.ga/cubic-html/index3.html]
[www.cubictheme.ga/plugins/images/p1.png]
[www.cubictheme.ga/plugins/images/p2.png]
[www.cubictheme.ga/plugins/images/p3.png]
[www.cubictheme.ga/plugins/images/p4.png]
[www.cubictheme.ga/plugins/components/raphael/raphael-min.js]
[www.cubictheme.ga/plugins/components/morrisjs/morris.js]
[www.cubictheme.ga/cubic-html/js/db4.js]
[www.cubictheme.ga/cubic-html/index4.html]
[www.cubictheme.ga/plugins/images/chair.jpg]
[www.cubictheme.ga/plugins/images/chair2.jpg]
[www.cubictheme.ga/plugins/images/chair4.jpg]
[www.cubictheme.ga/plugins/images/chair3.jpg]
[www.cubictheme.ga/cubic-html/products.html]
[www.cubictheme.ga/cubic-html/product-detail.html]
[www.cubictheme.ga/cubic-html/product-edit.html]
[www.cubictheme.ga/plugins/components/datatables/jquery.dataTables.min.js]
[www.cubictheme.ga/cubic-html/product-orders.html]
[www.cubictheme.ga/cubic-html/product-cart.html]
[www.cubictheme.ga/cubic-html/product-checkout.html]
[www.cubictheme.ga/cubic-html/inbox.html]
[www.cubictheme.ga/plugins/images/users/7.jpg]
[www.cubictheme.ga/plugins/images/img1.jpg]
[www.cubictheme.ga/plugins/images/img2.jpg]
[www.cubictheme.ga/plugins/images/img3.jpg]
[www.cubictheme.ga/cubic-html/inbox-detail.html]
[www.cubictheme.ga/plugins/components/html5-editor/wysihtml5-0.3.0.js]
[www.cubictheme.ga/plugins/components/html5-editor/bootstrap-wysihtml5.js]
[www.cubictheme.ga/plugins/components/dropzone-master/dist/dropzone.js]
[www.cubictheme.ga/cubic-html/compose.html]
[www.cubictheme.ga/plugins/images/users/10.jpg]
[www.cubictheme.ga/plugins/images/users/8.jpg]
[www.cubictheme.ga/plugins/images/users/9.jpg]
[www.cubictheme.ga/plugins/components/footable/js/footable.all.min.js]
[www.cubictheme.ga/plugins/components/bootstrap-select/bootstrap-select.min.js]
[www.cubictheme.ga/cubic-html/contact.html]
[www.cubictheme.ga/plugins/components/jfootable/footable-init.js]
[www.cubictheme.ga/plugins/images/large/img1.jpg]
[www.cubictheme.ga/cubic-html/contact-detail.html]
[www.cubictheme.ga/cubic-html/panels-wells.html]
[www.cubictheme.ga/plugins/components/blockUI/jquery.blockUI.js]
[www.cubictheme.ga/cubic-html/panel-ui-block.html]
[www.cubictheme.ga/plugins/components/jqueryui/jquery-ui.min.js]
[cdnjs.cloudflare.com/ajax/libs/jqueryui-touch-punch/0.2.3/jquery.ui.touch-punch.min.js]
[cdnjs.cloudflare.com/ajax/libs/lodash.js/3.5.0/lodash.min.js]
[www.cubictheme.ga/plugins/components/gridstack/gridstack.js]
[www.cubictheme.ga/plugins/components/gridstack/gridstack.jQueryUI.js]
[www.cubictheme.ga/cubic-html/portlet-draggable.html]
[www.cubictheme.ga/cubic-html/buttons.html]
[www.cubictheme.ga/plugins/images/large/img2.jpg]
[www.cubictheme.ga/plugins/images/large/img3.jpg]
[www.cubictheme.ga/plugins/images/large/img4.jpg]
[www.cubictheme.ga/plugins/images/large/img5.jpg]
[www.cubictheme.ga/plugins/images/large/img6.jpg]
[www.cubictheme.ga/cubic-html/tabs.html]
[www.cubictheme.ga/plugins/images/model2.png]
[www.cubictheme.ga/plugins/images/model.png]
[www.cubictheme.ga/plugins/images/model3.png]
[www.cubictheme.ga/plugins/components/sweetalert/sweetalert.min.js]
[www.cubictheme.ga/plugins/components/sweetalert/jquery.sweet-alert.custom.js]
[www.cubictheme.ga/cubic-html/modals.html]
[www.cubictheme.ga/cubic-html/progressbars.html]
[www.cubictheme.ga/plugins/components/toast-master/js/jquery.toast.js]
[www.cubictheme.ga/cubic-html/js/toastr.js]
[www.cubictheme.ga/cubic-html/notification.html]
[www.cubictheme.ga/plugins/images/heading-bg/slide2.jpg]
[www.cubictheme.ga/plugins/images/heading-bg/slide3.jpg]
[www.cubictheme.ga/plugins/images/heading-bg/slide4.jpg]
[www.cubictheme.ga/plugins/images/heading-bg/slide6.jpg]
[www.cubictheme.ga/plugins/images/heading-bg/slide1.jpg]
[www.cubictheme.ga/plugins/images/big/img1.jpg]
[www.cubictheme.ga/plugins/images/big/img2.jpg]
[www.cubictheme.ga/plugins/images/big/img3.jpg]
[www.cubictheme.ga/plugins/images/big/img4.jpg]
[www.cubictheme.ga/plugins/images/big/img5.jpg]
[www.cubictheme.ga/plugins/images/big/img6.jpg]
[www.cubictheme.ga/plugins/components/owl.carousel/owl.carousel.min.js]
[www.cubictheme.ga/cubic-html/carousel.html]
[www.cubictheme.ga/plugins/components/owl.carousel/owl.custom.js]
[www.cubictheme.ga/plugins/components/Magnific-Popup-master/dist/jquery.magnific-popup.min.js]
[www.cubictheme.ga/plugins/components/Magnific-Popup-master/dist/jquery.magnific-popup-init.js]
[www.cubictheme.ga/cubic-html/user-cards.html]
[www.cubictheme.ga/cubic-html/timeline.html]
[www.cubictheme.ga/cubic-html/timeline-horizontal.html]
[www.cubictheme.ga/plugins/components/horizontal-timeline/js/horizontal-timeline.js]
[www.cubictheme.ga/plugins/components/ion-rangeslider/js/ion-rangeSlider/ion.rangeSlider.min.js]
[www.cubictheme.ga/plugins/components/ion-rangeslider/js/ion-rangeSlider/ion.rangeSlider-init.js]
[www.cubictheme.ga/cubic-html/range-slider.html]
[www.cubictheme.ga/cubic-html/ribbons.html]
[www.cubictheme.ga/cubic-html/steps.html]
[www.cubictheme.ga/plugins/components/session-timeout/idle/jquery.idletimeout.js]
[www.cubictheme.ga/plugins/components/session-timeout/idle/jquery.idletimer.js]
[www.cubictheme.ga/plugins/components/session-timeout/idle/session-timeout-idle-init.js]
[www.cubictheme.ga/cubic-html/session-idle-timeout.html]
[www.cubictheme.ga/plugins/components/session-timeout/jquery.sessionTimeout.min.js]
[www.cubictheme.ga/plugins/components/session-timeout/session-timeout-init.js]
[www.cubictheme.ga/cubic-html/session-timeout.html]
[www.cubictheme.ga/plugins/images/big/circle.jpg]
[www.cubictheme.ga/cubic-html/bootstrap.html]
[www.cubictheme.ga/cubic-html/form-basic.html]
[www.cubictheme.ga/plugins/components/icheck/icheck.min.js]
[www.cubictheme.ga/cubic-html/icheck-control.html]
[www.cubictheme.ga/plugins/components/icheck/icheck.init.js]
[www.cubictheme.ga/plugins/components/switchery/dist/switchery.min.js]
[www.cubictheme.ga/plugins/components/custom-select/custom-select.min.js]
[www.cubictheme.ga/plugins/components/bootstrap-tagsinput/dist/bootstrap-tagsinput.min.js]
[www.cubictheme.ga/plugins/components/bootstrap-touchspin/dist/jquery.bootstrap-touchspin.min.js]
[www.cubictheme.ga/cubic-html/form-advanced.html]
[www.cubictheme.ga/plugins/components/dropify/src/images/test-image-1.jpg]
[www.cubictheme.ga/plugins/components/dropify/src/images/test-image-2.jpg]
[www.cubictheme.ga/plugins/components/dropify/dist/js/dropify.min.js]
[www.cubictheme.ga/cubic-html/form-upload.html]
[www.cubictheme.ga/cubic-html/form-dropzone.html]
[www.cubictheme.ga/plugins/components/clockpicker/dist/jquery-clockpicker.min.js]
[www.cubictheme.ga/plugins/components/jquery-asColorPicker-master/libs/jquery-asColor.js]
[www.cubictheme.ga/plugins/components/jquery-asColorPicker-master/libs/jquery-asGradient.js]
[www.cubictheme.ga/plugins/components/jquery-asColorPicker-master/dist/jquery-asColorPicker.min.js]
[www.cubictheme.ga/plugins/components/bootstrap-datepicker/bootstrap-datepicker.min.js]
[www.cubictheme.ga/plugins/components/timepicker/bootstrap-timepicker.min.js]
[www.cubictheme.ga/plugins/components/bootstrap-daterangepicker/daterangepicker.js]
[www.cubictheme.ga/cubic-html/form-pickers.html]
[www.cubictheme.ga/plugins/components/peity/jquery.peity.min.js]
[www.cubictheme.ga/plugins/components/peity/jquery.peity.init.js]
[www.cubictheme.ga/cubic-html/basic-table.html]
[www.cubictheme.ga/cubic-html/table-layouts.html]
[cdn.datatables.net/buttons/1.2.2/css/buttons.dataTables.min.css]
[cdn.datatables.net/buttons/1.2.2/js/dataTables.buttons.min.js]
[cdn.datatables.net/buttons/1.2.2/js/buttons.flash.min.js]
[cdnjs.cloudflare.com/ajax/libs/jszip/2.5.0/jszip.min.js]
[cdn.rawgit.com/bpampuch/pdfmake/0.1.18/build/pdfmake.min.js]
[cdn.datatables.net/buttons/1.2.2/js/buttons.html5.min.js]
[www.cubictheme.ga/cubic-html/data-table.html]
[cdn.datatables.net/buttons/1.2.2/js/buttons.print.min.js]
[cdn.rawgit.com/bpampuch/pdfmake/0.1.18/build/vfs_fonts.js]
[www.cubictheme.ga/plugins/components/bootstrap-table/dist/bootstrap-table.min.js]
[www.cubictheme.ga/cubic-html/bootstrap-tables.html]
[www.cubictheme.ga/plugins/components/bootstrap-table/dist/bootstrap-table.ints.js]
[www.cubictheme.ga/plugins/components/tablesaw-master/dist/tablesaw.js]
[www.cubictheme.ga/plugins/components/tablesaw-master/dist/tablesaw-init.js]
[www.cubictheme.ga/cubic-html/responsive-tables.html]
[www.cubictheme.ga/plugins/components/jquery-datatables-editable/jquery.dataTables.js]
[www.cubictheme.ga/plugins/components/datatables/dataTables.bootstrap.js]
[www.cubictheme.ga/plugins/components/tiny-editable/mindmup-editabletable.js]
[www.cubictheme.ga/plugins/components/tiny-editable/numeric-input-example.js]
[www.cubictheme.ga/cubic-html/editable-tables.html]
[www.cubictheme.ga/cubic-html/js/morris-data.js]
[www.cubictheme.ga/cubic-html/morris-chart.html]
[www.cubictheme.ga/cubic-html/peity-chart.html]
[www.cubictheme.ga/cubic-html/knob-chart.html]
[www.cubictheme.ga/cubic-html/sparkline-chart.html]
[www.cubictheme.ga/cubic-html/js/widget.js]
[www.cubictheme.ga/cubic-html/widgets.html]
[www.cubictheme.ga/cubic-html/simple-line.html]
[www.cubictheme.ga/cubic-html/fontawesome.html]
[www.cubictheme.ga/plugins/components/gmaps/gmaps.min.js]
[www.cubictheme.ga/cubic-html/map-google.html]
[www.cubictheme.ga/plugins/components/gmaps/jquery.gmaps.js]
[www.cubictheme.ga/plugins/components/vectormap/jquery-jvectormap-2.0.2.min.js]
[www.cubictheme.ga/plugins/components/vectormap/jquery-jvectormap-world-mill-en.js]
[www.cubictheme.ga/plugins/components/vectormap/jquery-jvectormap-in-mill.js]
[www.cubictheme.ga/plugins/components/vectormap/jquery-jvectormap-us-aea-en.js]
[www.cubictheme.ga/plugins/components/vectormap/jquery-jvectormap-uk-mill-en.js]
[www.cubictheme.ga/plugins/components/vectormap/jquery-jvectormap-au-mill.js]
[www.cubictheme.ga/plugins/components/vectormap/jvectormap.custom.js]
[www.cubictheme.ga/cubic-html/map-vector.html]
[www.cubictheme.ga/cubic-html/400.html]
[www.cubictheme.ga/cubic-html/403.html]
[www.cubictheme.ga/cubic-html/404.html]
[www.cubictheme.ga/cubic-html/500.html]
[www.cubictheme.ga/cubic-html/503.html]
[www.cubictheme.ga/cubic-html/starter-page.html]
[www.cubictheme.ga/cubic-html/blank.html]
[www.cubictheme.ga/cubic-html/search-result.html]
[www.cubictheme.ga/cubic-html/custom-scroll.html]
[www.cubictheme.ga/cubic-html/login.html]
[www.cubictheme.ga/cubic-html/lock-screen.html]
[www.cubictheme.ga/cubic-html/recoverpw.html]
[www.cubictheme.ga/cubic-html/animation.html]
[www.cubictheme.ga/cubic-html/profile.html]
[www.cubictheme.ga/cubic-html/js/jquery.PrintArea.js]
[www.cubictheme.ga/cubic-html/invoice.html]
[www.cubictheme.ga/plugins/images/assets/studio1.jpg]
[www.cubictheme.ga/plugins/images/assets/landscape1.jpg]
[www.cubictheme.ga/plugins/images/assets/studio2.jpg]
[www.cubictheme.ga/plugins/images/assets/studio25.jpg]
[www.cubictheme.ga/plugins/images/assets/landscape2.jpg]
[www.cubictheme.ga/plugins/images/assets/studio27.jpg]
[www.cubictheme.ga/plugins/images/assets/studio3.jpg]
[www.cubictheme.ga/plugins/images/assets/landscape3.jpg]
[www.cubictheme.ga/plugins/images/assets/studio26.jpg]
[www.cubictheme.ga/plugins/images/assets/studio4.jpg]
[www.cubictheme.ga/plugins/images/assets/landscape4.jpg]
[www.cubictheme.ga/plugins/images/assets/studio5.jpg]
[www.cubictheme.ga/plugins/images/assets/landscape5.jpg]
[www.cubictheme.ga/plugins/images/assets/studio6.jpg]
[www.cubictheme.ga/plugins/images/assets/landscape6.jpg]
[www.cubictheme.ga/plugins/images/assets/studio7.jpg]
[www.cubictheme.ga/plugins/images/assets/landscape7.jpg]
[www.cubictheme.ga/plugins/images/assets/studio8.jpg]
[www.cubictheme.ga/plugins/images/assets/landscape8.jpg]
[www.cubictheme.ga/plugins/images/assets/studio9.jpg]
[www.cubictheme.ga/plugins/images/assets/landscape9.jpg]
[www.cubictheme.ga/plugins/images/assets/studio10.jpg]
[www.cubictheme.ga/plugins/images/assets/landscape10.jpg]
[www.cubictheme.ga/plugins/images/assets/studio11.jpg]
[www.cubictheme.ga/plugins/images/assets/landscape11.jpg]
[www.cubictheme.ga/plugins/images/assets/studio12.jpg]
[www.cubictheme.ga/plugins/images/assets/landscape12.jpg]
[www.cubictheme.ga/plugins/images/assets/studio13.jpg]
[www.cubictheme.ga/plugins/images/assets/landscape13.jpg]
[www.cubictheme.ga/plugins/images/assets/studio14.jpg]
[www.cubictheme.ga/plugins/images/assets/landscape14.jpg]
[www.cubictheme.ga/plugins/images/assets/studio15.jpg]
[www.cubictheme.ga/plugins/images/assets/landscape15.jpg]
[www.cubictheme.ga/plugins/images/assets/studio16.jpg]
[www.cubictheme.ga/plugins/images/assets/landscape16.jpg]
[www.cubictheme.ga/plugins/images/assets/studio17.jpg]
[www.cubictheme.ga/plugins/images/assets/landscape17.jpg]
[www.cubictheme.ga/plugins/images/assets/studio18.jpg]
[www.cubictheme.ga/plugins/images/assets/landscape18.jpg]
[www.cubictheme.ga/plugins/images/assets/studio19.jpg]
[www.cubictheme.ga/plugins/images/assets/studio20.jpg]
[www.cubictheme.ga/plugins/images/assets/studio21.jpg]
[www.cubictheme.ga/plugins/images/assets/studio22.jpg]
[www.cubictheme.ga/plugins/images/assets/studio23.jpg]
[www.cubictheme.ga/plugins/images/assets/studio24.jpg]
[www.cubictheme.ga/plugins/components/gallery/js/animated-masonry-gallery.js]
[www.cubictheme.ga/plugins/components/gallery/js/jquery.isotope.min.js]
[www.cubictheme.ga/cubic-html/gallery.html]
[www.cubictheme.ga/plugins/components/fancybox/ekko-lightbox.min.js]
[www.cubictheme.ga/cubic-html/pricing.html]
[www.cubictheme.ga/cubic-html/register.html]
[www.cubictheme.ga/plugins/components/calendar/jquery-ui.min.js]
[www.cubictheme.ga/plugins/components/calendar/dist/fullcalendar.min.js]
[www.cubictheme.ga/plugins/components/calendar/dist/jquery.fullcalendar.js]
[www.cubictheme.ga/cubic-html/calendar.html]
[www.cubictheme.ga/cubic-html/bootstrap/dist/fonts/glyphicons-halflings-regular.svg]
[www.cubictheme.ga/cubic-html/less/icons/font-awesome/fonts/fontawesome-webfont3295.svg]
[www.cubictheme.ga/plugins/components/chartist-js/dist/chartist.min.css]
[www.cubictheme.ga/plugins/components/chartist-plugin-tooltip-master/dist/chartist-plugin-tooltip.css]
[www.cubictheme.ga/plugins/components/fullcalendar/fullcalendar.css]
[www.cubictheme.ga/plugins/components/css-chart/css-chart.css]
[www.cubictheme.ga/plugins/components/morrisjs/morris.css]
[www.cubictheme.ga/plugins/components/datatables/sort_both.png]
[www.cubictheme.ga/plugins/components/datatables/sort_asc.png]
[www.cubictheme.ga/plugins/components/datatables/sort_desc.png]
[www.cubictheme.ga/plugins/components/datatables/sort_asc_disabled.png]
[www.cubictheme.ga/plugins/components/datatables/sort_desc_disabled.png]
[www.cubictheme.ga/plugins/components/datatables/jquery.dataTables.min.css]
[www.cubictheme.ga/plugins/components/html5-editor/bootstrap-wysihtml5.css]
[www.cubictheme.ga/plugins/components/dropzone-master/dist/dropzone.css]
[www.cubictheme.ga/plugins/components/gridstack/gridstack.css]
[www.cubictheme.ga/plugins/components/toast-master/css/jquery.toast.css]
[www.cubictheme.ga/plugins/components/owl.carousel/owl.video.play.png]
[www.cubictheme.ga/plugins/components/owl.carousel/owl.carousel.min.css]
[www.cubictheme.ga/plugins/components/owl.carousel/owl.theme.default.css]
[www.cubictheme.ga/plugins/components/Magnific-Popup-master/dist/magnific-popup.css]
[www.cubictheme.ga/plugins/components/horizontal-timeline/css/horizontal-timeline.css]
[www.cubictheme.ga/plugins/components/ion-rangeslider/css/ion.rangeSlider.css]
[www.cubictheme.ga/plugins/components/ion-rangeslider/img/sprite-skin-modern.png]
[www.cubictheme.ga/plugins/components/ion-rangeslider/css/ion.rangeSlider.skinModern.css]
[www.cubictheme.ga/plugins/components/icheck/skins/all.css]
[www.cubictheme.ga/plugins/components/bootstrap-datepicker/bootstrap-datepicker.min.css]
[www.cubictheme.ga/plugins/components/custom-select/select2.png]
[www.cubictheme.ga/plugins/components/custom-select/select2-spinner.gif]
[www.cubictheme.ga/plugins/components/custom-select/select2x2.png]
[www.cubictheme.ga/plugins/components/custom-select/custom-select.css]
[www.cubictheme.ga/plugins/components/switchery/dist/switchery.min.css]
[www.cubictheme.ga/plugins/components/bootstrap-select/bootstrap-select.min.css]
[www.cubictheme.ga/plugins/components/bootstrap-tagsinput/dist/bootstrap-tagsinput.css]
[www.cubictheme.ga/plugins/components/bootstrap-touchspin/dist/jquery.bootstrap-touchspin.min.css]
[www.cubictheme.ga/plugins/components/dropify/dist/css/dropify.min.css]
[www.cubictheme.ga/plugins/components/clockpicker/dist/jquery-clockpicker.min.css]
[www.cubictheme.ga/plugins/components/jquery-asColorPicker-master/images/transparent.png]
[www.cubictheme.ga/plugins/components/jquery-asColorPicker-master/images/saturation.png]
[www.cubictheme.ga/plugins/components/jquery-asColorPicker-master/images/hue.png]
[www.cubictheme.ga/plugins/components/jquery-asColorPicker-master/images/alpha.png]
[www.cubictheme.ga/plugins/components/jquery-asColorPicker-master/css/asColorPicker.css]
[www.cubictheme.ga/plugins/components/timepicker/bootstrap-timepicker.min.css]
[www.cubictheme.ga/plugins/components/bootstrap-daterangepicker/daterangepicker.css]
[cdn.datatables.net/buttons/1.2.2/css/buttons.dataTables.min.css]
[www.cubictheme.ga/plugins/components/bootstrap-table/dist/bootstrap-table.min.css]
[www.cubictheme.ga/plugins/components/tablesaw-master/dist/tablesaw.css]
[www.cubictheme.ga/plugins/components/jquery-datatables-editable/datatables.css]
[www.cubictheme.ga/plugins/components/vectormap/jquery-jvectormap-2.0.2.css]
[www.cubictheme.ga/plugins/components/gallery/css/animated-masonry-gallery.css]
[www.cubictheme.ga/plugins/components/fancybox/ekko-lightbox.min.css]
[www.cubictheme.ga/plugins/components/calendar/dist/fullcalendar.css]
[www.cubictheme.ga/plugins/components/owl.carousel/owl.video.play.html]
[www.cubictheme.ga/plugins/components/icheck/skins/minimal/minimal.png]
[www.cubictheme.ga/plugins/components/icheck/skins/minimal/minimal@2x.png]
[www.cubictheme.ga/plugins/components/icheck/skins/minimal/red.png]
[www.cubictheme.ga/plugins/components/icheck/skins/minimal/red@2x.png]
[www.cubictheme.ga/plugins/components/icheck/skins/minimal/green.png]
[www.cubictheme.ga/plugins/components/icheck/skins/minimal/green@2x.png]
[www.cubictheme.ga/plugins/components/icheck/skins/minimal/blue.png]
[www.cubictheme.ga/plugins/components/icheck/skins/minimal/blue@2x.png]
[www.cubictheme.ga/plugins/components/icheck/skins/minimal/aero.png]
[www.cubictheme.ga/plugins/components/icheck/skins/minimal/aero@2x.png]
[www.cubictheme.ga/plugins/components/icheck/skins/minimal/grey.png]
[www.cubictheme.ga/plugins/components/icheck/skins/minimal/grey@2x.png]
[www.cubictheme.ga/plugins/components/icheck/skins/minimal/orange.png]
[www.cubictheme.ga/plugins/components/icheck/skins/minimal/orange@2x.png]
[www.cubictheme.ga/plugins/components/icheck/skins/minimal/yellow.png]
[www.cubictheme.ga/plugins/components/icheck/skins/minimal/yellow@2x.png]
[www.cubictheme.ga/plugins/components/icheck/skins/minimal/pink.png]
[www.cubictheme.ga/plugins/components/icheck/skins/minimal/pink@2x.png]
[www.cubictheme.ga/plugins/components/icheck/skins/minimal/purple.png]
[www.cubictheme.ga/plugins/components/icheck/skins/minimal/purple@2x.png]
[www.cubictheme.ga/plugins/components/icheck/skins/minimal/_all.css]
[www.cubictheme.ga/plugins/components/icheck/skins/square/square.png]
[www.cubictheme.ga/plugins/components/icheck/skins/square/square@2x.png]
[www.cubictheme.ga/plugins/components/icheck/skins/square/red.png]
[www.cubictheme.ga/plugins/components/icheck/skins/square/red@2x.png]
[www.cubictheme.ga/plugins/components/icheck/skins/square/green.png]
[www.cubictheme.ga/plugins/components/icheck/skins/square/green@2x.png]
[www.cubictheme.ga/plugins/components/icheck/skins/square/blue.png]
[www.cubictheme.ga/plugins/components/icheck/skins/square/blue@2x.png]
[www.cubictheme.ga/plugins/components/icheck/skins/square/aero.png]
[www.cubictheme.ga/plugins/components/icheck/skins/square/aero@2x.png]
[www.cubictheme.ga/plugins/components/icheck/skins/square/grey.png]
[www.cubictheme.ga/plugins/components/icheck/skins/square/grey@2x.png]
[www.cubictheme.ga/plugins/components/icheck/skins/square/orange.png]
[www.cubictheme.ga/plugins/components/icheck/skins/square/orange@2x.png]
[www.cubictheme.ga/plugins/components/icheck/skins/square/yellow.png]
[www.cubictheme.ga/plugins/components/icheck/skins/square/yellow@2x.png]
[www.cubictheme.ga/plugins/components/icheck/skins/square/pink.png]
[www.cubictheme.ga/plugins/components/icheck/skins/square/pink@2x.png]
[www.cubictheme.ga/plugins/components/icheck/skins/square/purple.png]
[www.cubictheme.ga/plugins/components/icheck/skins/square/_all.css]
[www.cubictheme.ga/plugins/components/icheck/skins/square/purple@2x.png]
[www.cubictheme.ga/plugins/components/icheck/skins/flat/flat.png]
[www.cubictheme.ga/plugins/components/icheck/skins/flat/flat@2x.png]
[www.cubictheme.ga/plugins/components/icheck/skins/flat/red.png]
[www.cubictheme.ga/plugins/components/icheck/skins/flat/red@2x.png]
[www.cubictheme.ga/plugins/components/icheck/skins/flat/green.png]
[www.cubictheme.ga/plugins/components/icheck/skins/flat/green@2x.png]
[www.cubictheme.ga/plugins/components/icheck/skins/flat/blue.png]
[www.cubictheme.ga/plugins/components/icheck/skins/flat/blue@2x.png]
[www.cubictheme.ga/plugins/components/icheck/skins/flat/aero.png]
[www.cubictheme.ga/plugins/components/icheck/skins/flat/aero@2x.png]
[www.cubictheme.ga/plugins/components/icheck/skins/flat/grey.png]
[www.cubictheme.ga/plugins/components/icheck/skins/flat/grey@2x.png]
[www.cubictheme.ga/plugins/components/icheck/skins/flat/orange.png]
[www.cubictheme.ga/plugins/components/icheck/skins/flat/orange@2x.png]
[www.cubictheme.ga/plugins/components/icheck/skins/flat/yellow.png]
[www.cubictheme.ga/plugins/components/icheck/skins/flat/yellow@2x.png]
[www.cubictheme.ga/plugins/components/icheck/skins/flat/pink.png]
[www.cubictheme.ga/plugins/components/icheck/skins/flat/pink@2x.png]
[www.cubictheme.ga/plugins/components/icheck/skins/flat/purple.png]
[www.cubictheme.ga/plugins/components/icheck/skins/flat/purple@2x.png]
[www.cubictheme.ga/plugins/components/icheck/skins/flat/_all.css]
[www.cubictheme.ga/plugins/components/icheck/skins/line/line.png]
[www.cubictheme.ga/plugins/components/icheck/skins/line/line@2x.png]
[www.cubictheme.ga/plugins/components/icheck/skins/line/_all.css]
[www.cubictheme.ga/plugins/components/icheck/skins/polaris/polaris.png]
[www.cubictheme.ga/plugins/components/icheck/skins/polaris/polaris@2x.png]
[www.cubictheme.ga/plugins/components/icheck/skins/polaris/polaris.css]
[www.cubictheme.ga/plugins/components/icheck/skins/futurico/futurico.png]
[www.cubictheme.ga/plugins/components/icheck/skins/futurico/futurico@2x.png]
[www.cubictheme.ga/plugins/components/icheck/skins/futurico/futurico.css]
[www.cubictheme.ga/plugins/components/custom-select/select2-spinner.html]
[www.cubictheme.ga/plugins/components/custom-select/select2x2.html]
